2: syntax error, unexpected '(', expecting ';' or ','