1 TK_PR_INT [int]
1 TK_IDENTIFICADOR [a]
1 TK_ESPECIAL [=]
1 TK_LIT_INT [5]
1 TK_ESPECIAL [;]
3 TK_PR_FLOAT [float]
3 TK_IDENTIFICADOR [b]
3 TK_ESPECIAL [=]
3 TK_LIT_INT [10]
3 TK_ESPECIAL [;]
