1 TK_PR_BOOL [bool]
1 TK_IDENTIFICADOR [resultado]
1 TK_ESPECIAL [=]
1 TK_IDENTIFICADOR [a]
1 TK_OC_GE [>=]
1 TK_IDENTIFICADOR [b]
1 TK_ESPECIAL [;]
