1 TK_PR_IF [if]
1 TK_ESPECIAL [(]
1 TK_IDENTIFICADOR [valor_1]
1 TK_OC_EQ [==]
1 TK_LIT_INT [10]
1 TK_OC_OR [|]
1 TK_OC_OR [|]
1 TK_IDENTIFICADOR [valor_2]
1 TK_OC_NE [!=]
1 TK_LIT_INT [5]
1 TK_ESPECIAL [)]
1 TK_ESPECIAL [{]
2 TK_PR_RETURN [return]
2 TK_LIT_FALSE [false]
2 TK_ESPECIAL [;]
3 TK_ESPECIAL [}]
