1 TK_PR_INT [int]
1 TK_IDENTIFICADOR [x]
1 TK_ESPECIAL [=]
1 TK_LIT_INT [5]
1 TK_ESPECIAL [;]
4 TK_PR_FLOAT [float]
4 TK_IDENTIFICADOR [y]
4 TK_ESPECIAL [=]
4 TK_LIT_FLOAT [10.32]
4 TK_ESPECIAL [;]
5 TK_PR_BOOL [bool]
5 TK_IDENTIFICADOR [isTrue]
5 TK_ESPECIAL [=]
5 TK_LIT_FALSE [false]
5 TK_ESPECIAL [;]
